Archive member included to satisfy reference by file (symbol)

/usr/local/Cellar/avr-gcc/4.9.3/lib/gcc/avr/4.9.3/avr25/libgcc.a(_exit.o)
                              /usr/local/Cellar/avr-gcc/4.9.3/lib/gcc/avr/4.9.3/../../../../avr/lib/avr25/crttn84.o (exit)
/usr/local/Cellar/avr-gcc/4.9.3/lib/gcc/avr/4.9.3/avr25/libgcc.a(_copy_data.o)
                              ReflowOvenFirmware.o (__do_copy_data)
/usr/local/Cellar/avr-gcc/4.9.3/lib/gcc/avr/4.9.3/avr25/libgcc.a(_clear_bss.o)
                              ReflowOvenFirmware.o (__do_clear_bss)
/usr/local/Cellar/avr-gcc/4.9.3/lib/gcc/avr/4.9.3/../../../../avr/lib/avr25/libm.a(fixsfsi.o)
                              MAX31855.o (__fixsfsi)
/usr/local/Cellar/avr-gcc/4.9.3/lib/gcc/avr/4.9.3/../../../../avr/lib/avr25/libm.a(fixunssfsi.o)
                              /usr/local/Cellar/avr-gcc/4.9.3/lib/gcc/avr/4.9.3/../../../../avr/lib/avr25/libm.a(fixsfsi.o) (__fixunssfsi)
/usr/local/Cellar/avr-gcc/4.9.3/lib/gcc/avr/4.9.3/../../../../avr/lib/avr25/libm.a(floatsisf.o)
                              MAX31855.o (__floatsisf)
/usr/local/Cellar/avr-gcc/4.9.3/lib/gcc/avr/4.9.3/../../../../avr/lib/avr25/libm.a(fp_split3.o)
                              /usr/local/Cellar/avr-gcc/4.9.3/lib/gcc/avr/4.9.3/../../../../avr/lib/avr25/libm.a(fixunssfsi.o) (__fp_splitA)
/usr/local/Cellar/avr-gcc/4.9.3/lib/gcc/avr/4.9.3/../../../../avr/lib/avr25/libm.a(fp_zero.o)
                              /usr/local/Cellar/avr-gcc/4.9.3/lib/gcc/avr/4.9.3/../../../../avr/lib/avr25/libm.a(fixunssfsi.o) (__fp_zero)
/usr/local/Cellar/avr-gcc/4.9.3/lib/gcc/avr/4.9.3/../../../../avr/lib/avr25/libm.a(mulsf3.o)
                              MAX31855.o (__mulsf3)
/usr/local/Cellar/avr-gcc/4.9.3/lib/gcc/avr/4.9.3/../../../../avr/lib/avr25/libm.a(mulsf3x.o)
                              /usr/local/Cellar/avr-gcc/4.9.3/lib/gcc/avr/4.9.3/../../../../avr/lib/avr25/libm.a(mulsf3.o) (__mulsf3x)
/usr/local/Cellar/avr-gcc/4.9.3/lib/gcc/avr/4.9.3/../../../../avr/lib/avr25/libm.a(fp_inf.o)
                              /usr/local/Cellar/avr-gcc/4.9.3/lib/gcc/avr/4.9.3/../../../../avr/lib/avr25/libm.a(mulsf3x.o) (__fp_inf)
/usr/local/Cellar/avr-gcc/4.9.3/lib/gcc/avr/4.9.3/../../../../avr/lib/avr25/libm.a(fp_nan.o)
                              /usr/local/Cellar/avr-gcc/4.9.3/lib/gcc/avr/4.9.3/../../../../avr/lib/avr25/libm.a(mulsf3x.o) (__fp_nan)
/usr/local/Cellar/avr-gcc/4.9.3/lib/gcc/avr/4.9.3/../../../../avr/lib/avr25/libm.a(fp_pscA.o)
                              /usr/local/Cellar/avr-gcc/4.9.3/lib/gcc/avr/4.9.3/../../../../avr/lib/avr25/libm.a(mulsf3x.o) (__fp_pscA)
/usr/local/Cellar/avr-gcc/4.9.3/lib/gcc/avr/4.9.3/../../../../avr/lib/avr25/libm.a(fp_pscB.o)
                              /usr/local/Cellar/avr-gcc/4.9.3/lib/gcc/avr/4.9.3/../../../../avr/lib/avr25/libm.a(mulsf3x.o) (__fp_pscB)
/usr/local/Cellar/avr-gcc/4.9.3/lib/gcc/avr/4.9.3/../../../../avr/lib/avr25/libm.a(fp_round.o)
                              /usr/local/Cellar/avr-gcc/4.9.3/lib/gcc/avr/4.9.3/../../../../avr/lib/avr25/libm.a(mulsf3.o) (__fp_round)
/usr/local/Cellar/avr-gcc/4.9.3/lib/gcc/avr/4.9.3/../../../../avr/lib/avr25/libc.a(strcmp.o)
                              ReflowOvenFirmware.o (strcmp)
/usr/local/Cellar/avr-gcc/4.9.3/lib/gcc/avr/4.9.3/../../../../avr/lib/avr25/libc.a(strncpy.o)
                              ReflowOvenFirmware.o (strncpy)

Allocating common symbols
Common symbol       size              file

tempChar            0x8               ReflowOvenFirmware.o

Discarded input sections

 .data          0x0000000000000000        0x0 /usr/local/Cellar/avr-gcc/4.9.3/lib/gcc/avr/4.9.3/../../../../avr/lib/avr25/crttn84.o
 .bss           0x0000000000000000        0x0 /usr/local/Cellar/avr-gcc/4.9.3/lib/gcc/avr/4.9.3/../../../../avr/lib/avr25/crttn84.o
 .text          0x0000000000000000        0x0 ReflowOvenFirmware.o
 .data          0x0000000000000000        0x0 ReflowOvenFirmware.o
 .bss           0x0000000000000000        0x0 ReflowOvenFirmware.o
 .text          0x0000000000000000        0x0 MAX31855.o
 .data          0x0000000000000000        0x0 MAX31855.o
 .bss           0x0000000000000000        0x0 MAX31855.o
 .stab          0x0000000000000000      0x714 MAX31855.o
                                        0x90c (size before relaxing)
 .text.Setup_MAX31855
                0x0000000000000000       0x24 MAX31855.o
 .text.startSpi
                0x0000000000000000        0xe MAX31855.o
 .text.ISR      0x0000000000000000        0x4 MAX31855.o
 .text.ISR_Two  0x0000000000000000       0x54 MAX31855.o
 .text.getNegativeTemp
                0x0000000000000000       0x1e MAX31855.o
 .text.readData
                0x0000000000000000      0x146 MAX31855.o
 .bss.done      0x0000000000000000        0x1 MAX31855.o
 .bss.numberOfBytes
                0x0000000000000000        0x1 MAX31855.o
 .bss.data      0x0000000000000000        0x4 MAX31855.o
 .comment       0x0000000000000000       0x12 MAX31855.o
 .text          0x0000000000000000        0x0 softuart.o
 .data          0x0000000000000000        0x0 softuart.o
 .bss           0x0000000000000000        0x0 softuart.o
 .text.softuart_turn_rx_on
                0x0000000000000000        0x6 softuart.o
 .text.softuart_turn_rx_off
                0x0000000000000000        0x8 softuart.o
 .text.softuart_flush_input_buffer
                0x0000000000000000        0xa softuart.o
 .text.softuart_transmit_busy
                0x0000000000000000        0xe softuart.o
 .text.softuart_puts
                0x0000000000000000       0x16 softuart.o
 .text          0x0000000000000000        0x0 /usr/local/Cellar/avr-gcc/4.9.3/lib/gcc/avr/4.9.3/avr25/libgcc.a(_exit.o)
 .data          0x0000000000000000        0x0 /usr/local/Cellar/avr-gcc/4.9.3/lib/gcc/avr/4.9.3/avr25/libgcc.a(_exit.o)
 .bss           0x0000000000000000        0x0 /usr/local/Cellar/avr-gcc/4.9.3/lib/gcc/avr/4.9.3/avr25/libgcc.a(_exit.o)
 .text.libgcc.mul
                0x0000000000000000        0x0 /usr/local/Cellar/avr-gcc/4.9.3/lib/gcc/avr/4.9.3/avr25/libgcc.a(_exit.o)
 .text.libgcc.div
                0x0000000000000000        0x0 /usr/local/Cellar/avr-gcc/4.9.3/lib/gcc/avr/4.9.3/avr25/libgcc.a(_exit.o)
 .text.libgcc   0x0000000000000000        0x0 /usr/local/Cellar/avr-gcc/4.9.3/lib/gcc/avr/4.9.3/avr25/libgcc.a(_exit.o)
 .text.libgcc.prologue
                0x0000000000000000        0x0 /usr/local/Cellar/avr-gcc/4.9.3/lib/gcc/avr/4.9.3/avr25/libgcc.a(_exit.o)
 .text.libgcc.builtins
                0x0000000000000000        0x0 /usr/local/Cellar/avr-gcc/4.9.3/lib/gcc/avr/4.9.3/avr25/libgcc.a(_exit.o)
 .text.libgcc.fmul
                0x0000000000000000        0x0 /usr/local/Cellar/avr-gcc/4.9.3/lib/gcc/avr/4.9.3/avr25/libgcc.a(_exit.o)
 .text.libgcc.fixed
                0x0000000000000000        0x0 /usr/local/Cellar/avr-gcc/4.9.3/lib/gcc/avr/4.9.3/avr25/libgcc.a(_exit.o)
 .text          0x0000000000000000        0x0 /usr/local/Cellar/avr-gcc/4.9.3/lib/gcc/avr/4.9.3/avr25/libgcc.a(_copy_data.o)
 .data          0x0000000000000000        0x0 /usr/local/Cellar/avr-gcc/4.9.3/lib/gcc/avr/4.9.3/avr25/libgcc.a(_copy_data.o)
 .bss           0x0000000000000000        0x0 /usr/local/Cellar/avr-gcc/4.9.3/lib/gcc/avr/4.9.3/avr25/libgcc.a(_copy_data.o)
 .text.libgcc.mul
                0x0000000000000000        0x0 /usr/local/Cellar/avr-gcc/4.9.3/lib/gcc/avr/4.9.3/avr25/libgcc.a(_copy_data.o)
 .text.libgcc.div
                0x0000000000000000        0x0 /usr/local/Cellar/avr-gcc/4.9.3/lib/gcc/avr/4.9.3/avr25/libgcc.a(_copy_data.o)
 .text.libgcc   0x0000000000000000        0x0 /usr/local/Cellar/avr-gcc/4.9.3/lib/gcc/avr/4.9.3/avr25/libgcc.a(_copy_data.o)
 .text.libgcc.prologue
                0x0000000000000000        0x0 /usr/local/Cellar/avr-gcc/4.9.3/lib/gcc/avr/4.9.3/avr25/libgcc.a(_copy_data.o)
 .text.libgcc.builtins
                0x0000000000000000        0x0 /usr/local/Cellar/avr-gcc/4.9.3/lib/gcc/avr/4.9.3/avr25/libgcc.a(_copy_data.o)
 .text.libgcc.fmul
                0x0000000000000000        0x0 /usr/local/Cellar/avr-gcc/4.9.3/lib/gcc/avr/4.9.3/avr25/libgcc.a(_copy_data.o)
 .text.libgcc.fixed
                0x0000000000000000        0x0 /usr/local/Cellar/avr-gcc/4.9.3/lib/gcc/avr/4.9.3/avr25/libgcc.a(_copy_data.o)
 .text          0x0000000000000000        0x0 /usr/local/Cellar/avr-gcc/4.9.3/lib/gcc/avr/4.9.3/avr25/libgcc.a(_clear_bss.o)
 .data          0x0000000000000000        0x0 /usr/local/Cellar/avr-gcc/4.9.3/lib/gcc/avr/4.9.3/avr25/libgcc.a(_clear_bss.o)
 .bss           0x0000000000000000        0x0 /usr/local/Cellar/avr-gcc/4.9.3/lib/gcc/avr/4.9.3/avr25/libgcc.a(_clear_bss.o)
 .text.libgcc.mul
                0x0000000000000000        0x0 /usr/local/Cellar/avr-gcc/4.9.3/lib/gcc/avr/4.9.3/avr25/libgcc.a(_clear_bss.o)
 .text.libgcc.div
                0x0000000000000000        0x0 /usr/local/Cellar/avr-gcc/4.9.3/lib/gcc/avr/4.9.3/avr25/libgcc.a(_clear_bss.o)
 .text.libgcc   0x0000000000000000        0x0 /usr/local/Cellar/avr-gcc/4.9.3/lib/gcc/avr/4.9.3/avr25/libgcc.a(_clear_bss.o)
 .text.libgcc.prologue
                0x0000000000000000        0x0 /usr/local/Cellar/avr-gcc/4.9.3/lib/gcc/avr/4.9.3/avr25/libgcc.a(_clear_bss.o)
 .text.libgcc.builtins
                0x0000000000000000        0x0 /usr/local/Cellar/avr-gcc/4.9.3/lib/gcc/avr/4.9.3/avr25/libgcc.a(_clear_bss.o)
 .text.libgcc.fmul
                0x0000000000000000        0x0 /usr/local/Cellar/avr-gcc/4.9.3/lib/gcc/avr/4.9.3/avr25/libgcc.a(_clear_bss.o)
 .text.libgcc.fixed
                0x0000000000000000        0x0 /usr/local/Cellar/avr-gcc/4.9.3/lib/gcc/avr/4.9.3/avr25/libgcc.a(_clear_bss.o)
 .text          0x0000000000000000        0x0 /usr/local/Cellar/avr-gcc/4.9.3/lib/gcc/avr/4.9.3/../../../../avr/lib/avr25/libm.a(fixsfsi.o)
 .data          0x0000000000000000        0x0 /usr/local/Cellar/avr-gcc/4.9.3/lib/gcc/avr/4.9.3/../../../../avr/lib/avr25/libm.a(fixsfsi.o)
 .bss           0x0000000000000000        0x0 /usr/local/Cellar/avr-gcc/4.9.3/lib/gcc/avr/4.9.3/../../../../avr/lib/avr25/libm.a(fixsfsi.o)
 .text.avr-libc.fplib
                0x0000000000000000        0xa /usr/local/Cellar/avr-gcc/4.9.3/lib/gcc/avr/4.9.3/../../../../avr/lib/avr25/libm.a(fixsfsi.o)
 .text          0x0000000000000000        0x0 /usr/local/Cellar/avr-gcc/4.9.3/lib/gcc/avr/4.9.3/../../../../avr/lib/avr25/libm.a(fixunssfsi.o)
 .data          0x0000000000000000        0x0 /usr/local/Cellar/avr-gcc/4.9.3/lib/gcc/avr/4.9.3/../../../../avr/lib/avr25/libm.a(fixunssfsi.o)
 .bss           0x0000000000000000        0x0 /usr/local/Cellar/avr-gcc/4.9.3/lib/gcc/avr/4.9.3/../../../../avr/lib/avr25/libm.a(fixunssfsi.o)
 .text.avr-libc.fplib
                0x0000000000000000       0x58 /usr/local/Cellar/avr-gcc/4.9.3/lib/gcc/avr/4.9.3/../../../../avr/lib/avr25/libm.a(fixunssfsi.o)
 .text          0x0000000000000000        0x0 /usr/local/Cellar/avr-gcc/4.9.3/lib/gcc/avr/4.9.3/../../../../avr/lib/avr25/libm.a(floatsisf.o)
 .data          0x0000000000000000        0x0 /usr/local/Cellar/avr-gcc/4.9.3/lib/gcc/avr/4.9.3/../../../../avr/lib/avr25/libm.a(floatsisf.o)
 .bss           0x0000000000000000        0x0 /usr/local/Cellar/avr-gcc/4.9.3/lib/gcc/avr/4.9.3/../../../../avr/lib/avr25/libm.a(floatsisf.o)
 .text.avr-libc.fplib
                0x0000000000000000       0x7a /usr/local/Cellar/avr-gcc/4.9.3/lib/gcc/avr/4.9.3/../../../../avr/lib/avr25/libm.a(floatsisf.o)
 .text          0x0000000000000000        0x0 /usr/local/Cellar/avr-gcc/4.9.3/lib/gcc/avr/4.9.3/../../../../avr/lib/avr25/libm.a(fp_split3.o)
 .data          0x0000000000000000        0x0 /usr/local/Cellar/avr-gcc/4.9.3/lib/gcc/avr/4.9.3/../../../../avr/lib/avr25/libm.a(fp_split3.o)
 .bss           0x0000000000000000        0x0 /usr/local/Cellar/avr-gcc/4.9.3/lib/gcc/avr/4.9.3/../../../../avr/lib/avr25/libm.a(fp_split3.o)
 .text.avr-libc.fplib
                0x0000000000000000       0x44 /usr/local/Cellar/avr-gcc/4.9.3/lib/gcc/avr/4.9.3/../../../../avr/lib/avr25/libm.a(fp_split3.o)
 .text          0x0000000000000000        0x0 /usr/local/Cellar/avr-gcc/4.9.3/lib/gcc/avr/4.9.3/../../../../avr/lib/avr25/libm.a(fp_zero.o)
 .data          0x0000000000000000        0x0 /usr/local/Cellar/avr-gcc/4.9.3/lib/gcc/avr/4.9.3/../../../../avr/lib/avr25/libm.a(fp_zero.o)
 .bss           0x0000000000000000        0x0 /usr/local/Cellar/avr-gcc/4.9.3/lib/gcc/avr/4.9.3/../../../../avr/lib/avr25/libm.a(fp_zero.o)
 .text.avr-libc.fplib
                0x0000000000000000        0xe /usr/local/Cellar/avr-gcc/4.9.3/lib/gcc/avr/4.9.3/../../../../avr/lib/avr25/libm.a(fp_zero.o)
 .text          0x0000000000000000        0x0 /usr/local/Cellar/avr-gcc/4.9.3/lib/gcc/avr/4.9.3/../../../../avr/lib/avr25/libm.a(mulsf3.o)
 .data          0x0000000000000000        0x0 /usr/local/Cellar/avr-gcc/4.9.3/lib/gcc/avr/4.9.3/../../../../avr/lib/avr25/libm.a(mulsf3.o)
 .bss           0x0000000000000000        0x0 /usr/local/Cellar/avr-gcc/4.9.3/lib/gcc/avr/4.9.3/../../../../avr/lib/avr25/libm.a(mulsf3.o)
 .text.avr-libc.fplib
                0x0000000000000000        0x4 /usr/local/Cellar/avr-gcc/4.9.3/lib/gcc/avr/4.9.3/../../../../avr/lib/avr25/libm.a(mulsf3.o)
 .text          0x0000000000000000        0x0 /usr/local/Cellar/avr-gcc/4.9.3/lib/gcc/avr/4.9.3/../../../../avr/lib/avr25/libm.a(mulsf3x.o)
 .data          0x0000000000000000        0x0 /usr/local/Cellar/avr-gcc/4.9.3/lib/gcc/avr/4.9.3/../../../../avr/lib/avr25/libm.a(mulsf3x.o)
 .bss           0x0000000000000000        0x0 /usr/local/Cellar/avr-gcc/4.9.3/lib/gcc/avr/4.9.3/../../../../avr/lib/avr25/libm.a(mulsf3x.o)
 .text.avr-libc.fplib
                0x0000000000000000       0xd2 /usr/local/Cellar/avr-gcc/4.9.3/lib/gcc/avr/4.9.3/../../../../avr/lib/avr25/libm.a(mulsf3x.o)
 .text          0x0000000000000000        0x0 /usr/local/Cellar/avr-gcc/4.9.3/lib/gcc/avr/4.9.3/../../../../avr/lib/avr25/libm.a(fp_inf.o)
 .data          0x0000000000000000        0x0 /usr/local/Cellar/avr-gcc/4.9.3/lib/gcc/avr/4.9.3/../../../../avr/lib/avr25/libm.a(fp_inf.o)
 .bss           0x0000000000000000        0x0 /usr/local/Cellar/avr-gcc/4.9.3/lib/gcc/avr/4.9.3/../../../../avr/lib/avr25/libm.a(fp_inf.o)
 .text.avr-libc.fplib
                0x0000000000000000        0xc /usr/local/Cellar/avr-gcc/4.9.3/lib/gcc/avr/4.9.3/../../../../avr/lib/avr25/libm.a(fp_inf.o)
 .text          0x0000000000000000        0x0 /usr/local/Cellar/avr-gcc/4.9.3/lib/gcc/avr/4.9.3/../../../../avr/lib/avr25/libm.a(fp_nan.o)
 .data          0x0000000000000000        0x0 /usr/local/Cellar/avr-gcc/4.9.3/lib/gcc/avr/4.9.3/../../../../avr/lib/avr25/libm.a(fp_nan.o)
 .bss           0x0000000000000000        0x0 /usr/local/Cellar/avr-gcc/4.9.3/lib/gcc/avr/4.9.3/../../../../avr/lib/avr25/libm.a(fp_nan.o)
 .text.avr-libc.fplib
                0x0000000000000000        0x6 /usr/local/Cellar/avr-gcc/4.9.3/lib/gcc/avr/4.9.3/../../../../avr/lib/avr25/libm.a(fp_nan.o)
 .text          0x0000000000000000        0x0 /usr/local/Cellar/avr-gcc/4.9.3/lib/gcc/avr/4.9.3/../../../../avr/lib/avr25/libm.a(fp_pscA.o)
 .data          0x0000000000000000        0x0 /usr/local/Cellar/avr-gcc/4.9.3/lib/gcc/avr/4.9.3/../../../../avr/lib/avr25/libm.a(fp_pscA.o)
 .bss           0x0000000000000000        0x0 /usr/local/Cellar/avr-gcc/4.9.3/lib/gcc/avr/4.9.3/../../../../avr/lib/avr25/libm.a(fp_pscA.o)
 .text.avr-libc.fplib
                0x0000000000000000        0xe /usr/local/Cellar/avr-gcc/4.9.3/lib/gcc/avr/4.9.3/../../../../avr/lib/avr25/libm.a(fp_pscA.o)
 .text          0x0000000000000000        0x0 /usr/local/Cellar/avr-gcc/4.9.3/lib/gcc/avr/4.9.3/../../../../avr/lib/avr25/libm.a(fp_pscB.o)
 .data          0x0000000000000000        0x0 /usr/local/Cellar/avr-gcc/4.9.3/lib/gcc/avr/4.9.3/../../../../avr/lib/avr25/libm.a(fp_pscB.o)
 .bss           0x0000000000000000        0x0 /usr/local/Cellar/avr-gcc/4.9.3/lib/gcc/avr/4.9.3/../../../../avr/lib/avr25/libm.a(fp_pscB.o)
 .text.avr-libc.fplib
                0x0000000000000000        0xe /usr/local/Cellar/avr-gcc/4.9.3/lib/gcc/avr/4.9.3/../../../../avr/lib/avr25/libm.a(fp_pscB.o)
 .text          0x0000000000000000        0x0 /usr/local/Cellar/avr-gcc/4.9.3/lib/gcc/avr/4.9.3/../../../../avr/lib/avr25/libm.a(fp_round.o)
 .data          0x0000000000000000        0x0 /usr/local/Cellar/avr-gcc/4.9.3/lib/gcc/avr/4.9.3/../../../../avr/lib/avr25/libm.a(fp_round.o)
 .bss           0x0000000000000000        0x0 /usr/local/Cellar/avr-gcc/4.9.3/lib/gcc/avr/4.9.3/../../../../avr/lib/avr25/libm.a(fp_round.o)
 .text.avr-libc.fplib
                0x0000000000000000       0x22 /usr/local/Cellar/avr-gcc/4.9.3/lib/gcc/avr/4.9.3/../../../../avr/lib/avr25/libm.a(fp_round.o)
 .text          0x0000000000000000        0x0 /usr/local/Cellar/avr-gcc/4.9.3/lib/gcc/avr/4.9.3/../../../../avr/lib/avr25/libc.a(strcmp.o)
 .data          0x0000000000000000        0x0 /usr/local/Cellar/avr-gcc/4.9.3/lib/gcc/avr/4.9.3/../../../../avr/lib/avr25/libc.a(strcmp.o)
 .bss           0x0000000000000000        0x0 /usr/local/Cellar/avr-gcc/4.9.3/lib/gcc/avr/4.9.3/../../../../avr/lib/avr25/libc.a(strcmp.o)
 .text          0x0000000000000000        0x0 /usr/local/Cellar/avr-gcc/4.9.3/lib/gcc/avr/4.9.3/../../../../avr/lib/avr25/libc.a(strncpy.o)
 .data          0x0000000000000000        0x0 /usr/local/Cellar/avr-gcc/4.9.3/lib/gcc/avr/4.9.3/../../../../avr/lib/avr25/libc.a(strncpy.o)
 .bss           0x0000000000000000        0x0 /usr/local/Cellar/avr-gcc/4.9.3/lib/gcc/avr/4.9.3/../../../../avr/lib/avr25/libc.a(strncpy.o)

Memory Configuration

Name             Origin             Length             Attributes
text             0x0000000000000000 0x0000000000002000 xr
data             0x0000000000800060 0x000000000000ffa0 rw !x
eeprom           0x0000000000810000 0x0000000000010000 rw !x
fuse             0x0000000000820000 0x0000000000000400 rw !x
lock             0x0000000000830000 0x0000000000000400 rw !x
signature        0x0000000000840000 0x0000000000000400 rw !x
*default*        0x0000000000000000 0xffffffffffffffff

Linker script and memory map

LOAD /usr/local/Cellar/avr-gcc/4.9.3/lib/gcc/avr/4.9.3/../../../../avr/lib/avr25/crttn84.o
LOAD ReflowOvenFirmware.o
LOAD MAX31855.o
LOAD softuart.o
START GROUP
LOAD /usr/local/Cellar/avr-gcc/4.9.3/lib/gcc/avr/4.9.3/avr25/libgcc.a
LOAD /usr/local/Cellar/avr-gcc/4.9.3/lib/gcc/avr/4.9.3/../../../../avr/lib/avr25/libm.a
LOAD /usr/local/Cellar/avr-gcc/4.9.3/lib/gcc/avr/4.9.3/../../../../avr/lib/avr25/libc.a
END GROUP

.hash
 *(.hash)

.dynsym
 *(.dynsym)

.dynstr
 *(.dynstr)

.gnu.version
 *(.gnu.version)

.gnu.version_d
 *(.gnu.version_d)

.gnu.version_r
 *(.gnu.version_r)

.rel.init
 *(.rel.init)

.rela.init
 *(.rela.init)

.rel.text
 *(.rel.text)
 *(.rel.text.*)
 *(.rel.gnu.linkonce.t*)

.rela.text
 *(.rela.text)
 *(.rela.text.*)
 *(.rela.gnu.linkonce.t*)

.rel.fini
 *(.rel.fini)

.rela.fini
 *(.rela.fini)

.rel.rodata
 *(.rel.rodata)
 *(.rel.rodata.*)
 *(.rel.gnu.linkonce.r*)

.rela.rodata
 *(.rela.rodata)
 *(.rela.rodata.*)
 *(.rela.gnu.linkonce.r*)

.rel.data
 *(.rel.data)
 *(.rel.data.*)
 *(.rel.gnu.linkonce.d*)

.rela.data
 *(.rela.data)
 *(.rela.data.*)
 *(.rela.gnu.linkonce.d*)

.rel.ctors
 *(.rel.ctors)

.rela.ctors
 *(.rela.ctors)

.rel.dtors
 *(.rel.dtors)

.rela.dtors
 *(.rela.dtors)

.rel.got
 *(.rel.got)

.rela.got
 *(.rela.got)

.rel.bss
 *(.rel.bss)

.rela.bss
 *(.rela.bss)

.rel.plt
 *(.rel.plt)

.rela.plt
 *(.rela.plt)

.text           0x0000000000000000      0x2fc
 *(.vectors)
 .vectors       0x0000000000000000       0x22 /usr/local/Cellar/avr-gcc/4.9.3/lib/gcc/avr/4.9.3/../../../../avr/lib/avr25/crttn84.o
                0x0000000000000000                __vectors
                0x0000000000000000                __vector_default
 *(.vectors)
 *(.progmem.gcc*)
                0x0000000000000022                . = ALIGN (0x2)
                0x0000000000000022                __trampolines_start = .
 *(.trampolines)
 .trampolines   0x0000000000000022        0x0 linker stubs
 *(.trampolines*)
                0x0000000000000022                __trampolines_end = .
 *(.progmem*)
 .progmem.data.__c.1853
                0x0000000000000022        0x7 ReflowOvenFirmware.o
 .progmem.data.__c.1849
                0x0000000000000029       0x25 ReflowOvenFirmware.o
                0x000000000000004e                . = ALIGN (0x2)
 *(.jumptables)
 *(.jumptables*)
 *(.lowtext)
 *(.lowtext*)
                0x000000000000004e                __ctors_start = .
 *(.ctors)
                0x000000000000004e                __ctors_end = .
                0x000000000000004e                __dtors_start = .
 *(.dtors)
                0x000000000000004e                __dtors_end = .
 SORT(*)(.ctors)
 SORT(*)(.dtors)
 *(.init0)
 .init0         0x000000000000004e        0x0 /usr/local/Cellar/avr-gcc/4.9.3/lib/gcc/avr/4.9.3/../../../../avr/lib/avr25/crttn84.o
                0x000000000000004e                __init
 *(.init0)
 *(.init1)
 *(.init1)
 *(.init2)
 .init2         0x000000000000004e        0xc /usr/local/Cellar/avr-gcc/4.9.3/lib/gcc/avr/4.9.3/../../../../avr/lib/avr25/crttn84.o
 *(.init2)
 *(.init3)
 *(.init3)
 *(.init4)
 .init4         0x000000000000005a       0x16 /usr/local/Cellar/avr-gcc/4.9.3/lib/gcc/avr/4.9.3/avr25/libgcc.a(_copy_data.o)
                0x000000000000005a                __do_copy_data
 .init4         0x0000000000000070       0x10 /usr/local/Cellar/avr-gcc/4.9.3/lib/gcc/avr/4.9.3/avr25/libgcc.a(_clear_bss.o)
                0x0000000000000070                __do_clear_bss
 *(.init4)
 *(.init5)
 *(.init5)
 *(.init6)
 *(.init6)
 *(.init7)
 *(.init7)
 *(.init8)
 *(.init8)
 *(.init9)
 .init9         0x0000000000000080        0x4 /usr/local/Cellar/avr-gcc/4.9.3/lib/gcc/avr/4.9.3/../../../../avr/lib/avr25/crttn84.o
 *(.init9)
 *(.text)
 .text          0x0000000000000084        0x2 /usr/local/Cellar/avr-gcc/4.9.3/lib/gcc/avr/4.9.3/../../../../avr/lib/avr25/crttn84.o
                0x0000000000000084                __vector_16
                0x0000000000000084                __vector_12
                0x0000000000000084                __bad_interrupt
                0x0000000000000084                __vector_6
                0x0000000000000084                __vector_3
                0x0000000000000084                __vector_11
                0x0000000000000084                __vector_13
                0x0000000000000084                __vector_7
                0x0000000000000084                __vector_5
                0x0000000000000084                __vector_4
                0x0000000000000084                __vector_2
                0x0000000000000084                __vector_15
                0x0000000000000084                __vector_8
                0x0000000000000084                __vector_14
                0x0000000000000084                __vector_10
                0x0000000000000084                __vector_1
                0x0000000000000086                . = ALIGN (0x2)
 *(.text.*)
 .text.checkCommand
                0x0000000000000086       0x18 ReflowOvenFirmware.o
                0x0000000000000086                checkCommand
 .text.startup.main
                0x000000000000009e       0x5e ReflowOvenFirmware.o
                0x000000000000009e                main
 .text.__vector_9
                0x00000000000000fc      0x11e softuart.o
                0x00000000000000fc                __vector_9
 .text.softuart_init
                0x000000000000021a       0x2c softuart.o
                0x000000000000021a                softuart_init
 .text.softuart_getchar
                0x0000000000000246       0x28 softuart.o
                0x0000000000000246                softuart_getchar
 .text.softuart_kbhit
                0x000000000000026e       0x12 softuart.o
                0x000000000000026e                softuart_kbhit
 .text.softuart_putchar
                0x0000000000000280       0x2c softuart.o
                0x0000000000000280                softuart_putchar
 .text.softuart_puts_p
                0x00000000000002ac       0x1c softuart.o
                0x00000000000002ac                softuart_puts_p
 .text.avr-libc
                0x00000000000002c8       0x12 /usr/local/Cellar/avr-gcc/4.9.3/lib/gcc/avr/4.9.3/../../../../avr/lib/avr25/libc.a(strcmp.o)
                0x00000000000002c8                strcmp
 .text.avr-libc
                0x00000000000002da       0x1e /usr/local/Cellar/avr-gcc/4.9.3/lib/gcc/avr/4.9.3/../../../../avr/lib/avr25/libc.a(strncpy.o)
                0x00000000000002da                strncpy
                0x00000000000002f8                . = ALIGN (0x2)
 *(.fini9)
 .fini9         0x00000000000002f8        0x0 /usr/local/Cellar/avr-gcc/4.9.3/lib/gcc/avr/4.9.3/avr25/libgcc.a(_exit.o)
                0x00000000000002f8                exit
                0x00000000000002f8                _exit
 *(.fini9)
 *(.fini8)
 *(.fini8)
 *(.fini7)
 *(.fini7)
 *(.fini6)
 *(.fini6)
 *(.fini5)
 *(.fini5)
 *(.fini4)
 *(.fini4)
 *(.fini3)
 *(.fini3)
 *(.fini2)
 *(.fini2)
 *(.fini1)
 *(.fini1)
 *(.fini0)
 .fini0         0x00000000000002f8        0x4 /usr/local/Cellar/avr-gcc/4.9.3/lib/gcc/avr/4.9.3/avr25/libgcc.a(_exit.o)
 *(.fini0)
                0x00000000000002fc                _etext = .

.data           0x0000000000800060        0x4 load address 0x00000000000002fc
                0x0000000000800060                PROVIDE (__data_start, .)
 *(.data)
 *(.data*)
 .data.atCmd    0x0000000000800060        0x4 ReflowOvenFirmware.o
                0x0000000000800060                atCmd
 *(.rodata)
 *(.rodata*)
 *(.gnu.linkonce.d*)
                0x0000000000800064                . = ALIGN (0x2)
                0x0000000000800064                _edata = .
                0x0000000000800064                PROVIDE (__data_end, .)

.bss            0x0000000000800064       0x36
                0x0000000000800064                PROVIDE (__bss_start, .)
 *(.bss)
 *(.bss*)
 .bss.rx_mask.1707
                0x0000000000800064        0x1 softuart.o
 .bss.bits_left_in_rx.1709
                0x0000000000800065        0x1 softuart.o
 .bss.internal_rx_buffer.1710
                0x0000000000800066        0x1 softuart.o
 .bss.timer_rx_ctr.1708
                0x0000000000800067        0x1 softuart.o
 .bss.flag_rx_waiting_for_stop_bit.1706
                0x0000000000800068        0x1 softuart.o
 .bss.internal_tx_buffer
                0x0000000000800069        0x2 softuart.o
 .bss.bits_left_in_tx
                0x000000000080006b        0x1 softuart.o
 .bss.timer_tx_ctr
                0x000000000080006c        0x1 softuart.o
 .bss.flag_tx_busy
                0x000000000080006d        0x1 softuart.o
 .bss.flag_rx_ready
                0x000000000080006e        0x1 softuart.o
 .bss.flag_rx_off
                0x000000000080006f        0x1 softuart.o
 .bss.qout      0x0000000000800070        0x1 softuart.o
 .bss.qin       0x0000000000800071        0x1 softuart.o
 .bss.inbuf     0x0000000000800072       0x20 softuart.o
 *(COMMON)
 COMMON         0x0000000000800092        0x8 ReflowOvenFirmware.o
                0x0000000000800092                tempChar
                0x000000000080009a                PROVIDE (__bss_end, .)
                0x00000000000002fc                __data_load_start = LOADADDR (.data)
                0x0000000000000300                __data_load_end = (__data_load_start + SIZEOF (.data))

.noinit         0x000000000080009a        0x0
                0x000000000080009a                PROVIDE (__noinit_start, .)
 *(.noinit*)
                0x000000000080009a                PROVIDE (__noinit_end, .)
                0x000000000080009a                _end = .
                0x000000000080009a                PROVIDE (__heap_start, .)

.eeprom         0x0000000000810000        0x0
 *(.eeprom*)
                0x0000000000810000                __eeprom_end = .

.fuse
 *(.fuse)
 *(.lfuse)
 *(.hfuse)
 *(.efuse)

.lock
 *(.lock*)

.signature
 *(.signature*)

.stab           0x0000000000000000     0x1188
 *(.stab)
 .stab          0x0000000000000000      0x6cc ReflowOvenFirmware.o
 .stab          0x00000000000006cc      0x8c4 softuart.o
                                        0xc0c (size before relaxing)
 .stab          0x0000000000000f90       0x6c /usr/local/Cellar/avr-gcc/4.9.3/lib/gcc/avr/4.9.3/avr25/libgcc.a(_exit.o)
                                         0x78 (size before relaxing)
 .stab          0x0000000000000ffc       0xd8 /usr/local/Cellar/avr-gcc/4.9.3/lib/gcc/avr/4.9.3/avr25/libgcc.a(_copy_data.o)
                                         0xe4 (size before relaxing)
 .stab          0x00000000000010d4       0xb4 /usr/local/Cellar/avr-gcc/4.9.3/lib/gcc/avr/4.9.3/avr25/libgcc.a(_clear_bss.o)
                                         0xc0 (size before relaxing)

.stabstr        0x0000000000000000     0x13e1
 *(.stabstr)
 .stabstr       0x0000000000000000     0x13e1 ReflowOvenFirmware.o

.stab.excl
 *(.stab.excl)

.stab.exclstr
 *(.stab.exclstr)

.stab.index
 *(.stab.index)

.stab.indexstr
 *(.stab.indexstr)

.comment        0x0000000000000000       0x11
 *(.comment)
 .comment       0x0000000000000000       0x11 ReflowOvenFirmware.o
                                         0x12 (size before relaxing)
 .comment       0x0000000000000011       0x12 softuart.o

.note.gnu.build-id
 *(.note.gnu.build-id)

.debug
 *(.debug)

.line
 *(.line)

.debug_srcinfo
 *(.debug_srcinfo)

.debug_sfnames
 *(.debug_sfnames)

.debug_aranges
 *(.debug_aranges)

.debug_pubnames
 *(.debug_pubnames)

.debug_info     0x0000000000000000      0x420
 *(.debug_info .gnu.linkonce.wi.*)
 .debug_info    0x0000000000000000      0x420 /usr/local/Cellar/avr-gcc/4.9.3/lib/gcc/avr/4.9.3/../../../../avr/lib/avr25/crttn84.o

.debug_abbrev   0x0000000000000000      0x3e8
 *(.debug_abbrev)
 .debug_abbrev  0x0000000000000000      0x3e8 /usr/local/Cellar/avr-gcc/4.9.3/lib/gcc/avr/4.9.3/../../../../avr/lib/avr25/crttn84.o

.debug_line     0x0000000000000000       0x1d
 *(.debug_line .debug_line.* .debug_line_end)
 .debug_line    0x0000000000000000       0x1d /usr/local/Cellar/avr-gcc/4.9.3/lib/gcc/avr/4.9.3/../../../../avr/lib/avr25/crttn84.o

.debug_frame
 *(.debug_frame)

.debug_str      0x0000000000000000      0x173
 *(.debug_str)
 .debug_str     0x0000000000000000      0x173 /usr/local/Cellar/avr-gcc/4.9.3/lib/gcc/avr/4.9.3/../../../../avr/lib/avr25/crttn84.o

.debug_loc
 *(.debug_loc)

.debug_macinfo
 *(.debug_macinfo)

.debug_weaknames
 *(.debug_weaknames)

.debug_funcnames
 *(.debug_funcnames)

.debug_typenames
 *(.debug_typenames)

.debug_varnames
 *(.debug_varnames)

.debug_pubtypes
 *(.debug_pubtypes)

.debug_ranges
 *(.debug_ranges)

.debug_macro
 *(.debug_macro)
OUTPUT(ReflowOvenFirmware.elf elf32-avr)
LOAD linker stubs
